  Determining projects to restore...
  All projects are up-to-date for restore.
  GesFer.Shared.Back.Domain -> /app/src/Shared/Back/bin/Debug/net8.0/GesFer.Shared.Back.Domain.dll
  GesFer.Admin.Domain -> /app/src/Admin/Back/domain/bin/Debug/net8.0/GesFer.Admin.Domain.dll
  GesFer.Domain -> /app/src/Product/Back/domain/bin/Debug/net8.0/GesFer.Domain.dll
  GesFer.Shared.Back.UnitTests -> /app/src/Shared/Back/tests/GesFer.Shared.Back.UnitTests/bin/Debug/net8.0/GesFer.Shared.Back.UnitTests.dll
  GesFer.Shared.Back.Infrastructure -> /app/src/Shared/Back/Infrastructure/bin/Debug/net8.0/GesFer.Shared.Back.Infrastructure.dll
  GesFer.Infrastructure -> /app/src/Product/Back/Infrastructure/bin/Debug/net8.0/GesFer.Infrastructure.dll
  GesFer.Admin.Infra -> /app/src/Admin/Back/Infrastructure/bin/Debug/net8.0/GesFer.Admin.Infra.dll
  GesFer.SeedRunner -> /app/src/Product/Back/Infrastructure/SeedRunner/bin/Debug/net8.0/GesFer.SeedRunner.dll
  GesFer.Admin.Application -> /app/src/Admin/Back/application/bin/Debug/net8.0/GesFer.Admin.Application.dll
  GesFer.Admin.Api -> /app/src/Admin/Back/Api/bin/Debug/net8.0/GesFer.Admin.Api.dll
  GesFer.Console -> /app/src/Console/bin/Debug/net8.0/GesFer.Console.dll
  GesFer.Application -> /app/src/Product/Back/application/bin/Debug/net8.0/GesFer.Application.dll
  GesFer.Performance.Benchmarks -> /app/src/Performance/GesFer.Performance.Benchmarks/bin/Debug/net8.0/GesFer.Performance.Benchmarks.dll
  GesFer.Api -> /app/src/Product/Back/Api/bin/Debug/net8.0/GesFer.Api.dll
  GesFer.Console.E2ETests -> /app/src/Console/tests/GesFer.Console.E2ETests/bin/Debug/net8.0/GesFer.Console.E2ETests.dll
  GesFer.Admin.IntegrationTests -> /app/src/Admin/Back/IntegrationTests/bin/Debug/net8.0/GesFer.Admin.IntegrationTests.dll
  GesFer.Architecture.Tests -> /app/src/Shared/Back/tests/GesFer.Architecture.Tests/bin/Debug/net8.0/GesFer.Architecture.Tests.dll
  GesFer.Product.UnitTests -> /app/src/Product/Back/tests/GesFer.Product.UnitTests/bin/Debug/net8.0/GesFer.Product.UnitTests.dll
  GesFer.Admin.UnitTests -> /app/src/Admin/Back/tests/GesFer.Admin.UnitTests/bin/Debug/net8.0/GesFer.Admin.UnitTests.dll
/app/src/Product/Back/IntegrationTests/IntegrationTestWebAppFactory.cs(131,33): error CS1501: No overload for method 'InitializeAsync' takes 2 arguments [/app/src/Product/Back/IntegrationTests/GesFer.IntegrationTests.csproj]
/app/src/Product/Back/IntegrationTests/IntegrationTestWebAppFactory.cs(148,29): error CS1501: No overload for method 'InitializeAsync' takes 2 arguments [/app/src/Product/Back/IntegrationTests/GesFer.IntegrationTests.csproj]
/app/src/Product/Back/IntegrationTests/Services/DbInitializerTests.cs(57,62): error CS1744: Named argument 'isDevelopment' specifies a parameter for which a positional argument has already been given [/app/src/Product/Back/IntegrationTests/GesFer.IntegrationTests.csproj]

Build FAILED.

/app/src/Product/Back/IntegrationTests/IntegrationTestWebAppFactory.cs(131,33): error CS1501: No overload for method 'InitializeAsync' takes 2 arguments [/app/src/Product/Back/IntegrationTests/GesFer.IntegrationTests.csproj]
/app/src/Product/Back/IntegrationTests/IntegrationTestWebAppFactory.cs(148,29): error CS1501: No overload for method 'InitializeAsync' takes 2 arguments [/app/src/Product/Back/IntegrationTests/GesFer.IntegrationTests.csproj]
/app/src/Product/Back/IntegrationTests/Services/DbInitializerTests.cs(57,62): error CS1744: Named argument 'isDevelopment' specifies a parameter for which a positional argument has already been given [/app/src/Product/Back/IntegrationTests/GesFer.IntegrationTests.csproj]
    0 Warning(s)
    3 Error(s)

Time Elapsed 00:00:04.56
